// Jest Snapshot v1, https://goo.gl/fbAQLP

exports[`Pruebas en el <CounterApp /> Dee de hacer match con el snapshot  1`] = `
<div>
  <h1>
    Contador
  </h1>
  <p>
    10
  </p>
  <button>
     +1 
  </button>
  <button>
     -1 
  </button>
  <button
    aria-label="btn-reset"
  >
     Reset 
  </button>
</div>
`;
